
Discarded input sections

 .comment       0x00000000       0x1d C:\Users\r03e28\AppData\Local\Temp\ccUmsV1P.o

Memory Configuration

Name             Origin             Length             Attributes
vectors          0x00020000         0x00000100
ram              0x00ffef10         0x00001000
ram2             0x00020100         0x0001ff00
eight            0x00ffff00         0x00000100
*default*        0x00000000         0xffffffff

Linker script and memory map

LOAD C:\Users\r03e28\AppData\Local\Temp\ccDxjvQX.o
LOAD C:\Users\r03e28\AppData\Local\Temp\ccUmsV1P.o
LOAD C:\PROGRA~2\GCCDEV~1\GCCDEV~1\TARGET\3048F\libadd3048.a
LOAD c:/progra~2/gccdev~1/gccdev~1/gcc/h8/bin/../lib/gcc/h8300-elf/4.7-GNUH8_v12.02/../../../../h8300-elf/lib/h8300h\libm.a
LOAD c:/progra~2/gccdev~1/gccdev~1/gcc/h8/bin/../lib/gcc/h8300-elf/4.7-GNUH8_v12.02/h8300h\libgcc.a
LOAD c:/progra~2/gccdev~1/gccdev~1/gcc/h8/bin/../lib/gcc/h8300-elf/4.7-GNUH8_v12.02/../../../../h8300-elf/lib/h8300h\libc.a
LOAD c:/progra~2/gccdev~1/gccdev~1/gcc/h8/bin/../lib/gcc/h8300-elf/4.7-GNUH8_v12.02/h8300h\libgcc.a

.vectors        0x00020000      0x100
                0x00020000        0x4 LONG 0x5a020100 (ABSOLUTE (_start) | 0x5a000000)
                0x00020004        0x4 LONG 0x5a020100 (ABSOLUTE (_start) | 0x5a000000)
                0x00020008        0x4 LONG 0x5a020100 (ABSOLUTE (_start) | 0x5a000000)
                0x0002000c        0x4 LONG 0x5a020100 (ABSOLUTE (_start) | 0x5a000000)
                0x00020010        0x4 LONG 0x5a020100 (ABSOLUTE (_start) | 0x5a000000)
                0x00020014        0x4 LONG 0x5a020100 (ABSOLUTE (_start) | 0x5a000000)
                0x00020018        0x4 LONG 0x5a020100 (ABSOLUTE (_start) | 0x5a000000)
                0x0002001c        0x4 LONG 0x5a020100 (DEFINED (_int_nmi)?ABSOLUTE (_int_nmi):ABSOLUTE (_start) | 0x5a000000)
                0x00020020        0x4 LONG 0x5a020100 (DEFINED (_int_trap0)?ABSOLUTE (_int_trap0):ABSOLUTE (_start) | 0x5a000000)
                0x00020024        0x4 LONG 0x5a020100 (DEFINED (_int_trap1)?ABSOLUTE (_int_trap1):ABSOLUTE (_start) | 0x5a000000)
                0x00020028        0x4 LONG 0x5a020100 (DEFINED (_int_trap2)?ABSOLUTE (_int_trap2):ABSOLUTE (_start) | 0x5a000000)
                0x0002002c        0x4 LONG 0x5a020100 (DEFINED (_int_trap3)?ABSOLUTE (_int_trap3):ABSOLUTE (_start) | 0x5a000000)
                0x00020030        0x4 LONG 0x5a020100 (DEFINED (_int_irq0)?ABSOLUTE (_int_irq0):ABSOLUTE (_start) | 0x5a000000)
                0x00020034        0x4 LONG 0x5a020100 (DEFINED (_int_irq1)?ABSOLUTE (_int_irq1):ABSOLUTE (_start) | 0x5a000000)
                0x00020038        0x4 LONG 0x5a020100 (DEFINED (_int_irq2)?ABSOLUTE (_int_irq2):ABSOLUTE (_start) | 0x5a000000)
                0x0002003c        0x4 LONG 0x5a020100 (DEFINED (_int_irq3)?ABSOLUTE (_int_irq3):ABSOLUTE (_start) | 0x5a000000)
                0x00020040        0x4 LONG 0x5a020100 (DEFINED (_int_irq4)?ABSOLUTE (_int_irq4):ABSOLUTE (_start) | 0x5a000000)
                0x00020044        0x4 LONG 0x5a020100 (DEFINED (_int_irq5)?ABSOLUTE (_int_irq5):ABSOLUTE (_start) | 0x5a000000)
                0x00020048        0x4 LONG 0x5a020100 (ABSOLUTE (_start) | 0x5a000000)
                0x0002004c        0x4 LONG 0x5a020100 (ABSOLUTE (_start) | 0x5a000000)
                0x00020050        0x4 LONG 0x5a020100 (DEFINED (_int_wovi)?ABSOLUTE (_int_wovi):ABSOLUTE (_start) | 0x5a000000)
                0x00020054        0x4 LONG 0x5a020100 (DEFINED (_int_cmi)?ABSOLUTE (_int_cmi):ABSOLUTE (_start) | 0x5a000000)
                0x00020058        0x4 LONG 0x5a020100 (ABSOLUTE (_start) | 0x5a000000)
                0x0002005c        0x4 LONG 0x5a020100 (DEFINED (_int_adi)?ABSOLUTE (_int_adi):ABSOLUTE (_start) | 0x5a000000)
                0x00020060        0x4 LONG 0x5a020100 (DEFINED (_int_imia0)?ABSOLUTE (_int_imia0):ABSOLUTE (_start) | 0x5a000000)
                0x00020064        0x4 LONG 0x5a020100 (DEFINED (_int_imib0)?ABSOLUTE (_int_imib0):ABSOLUTE (_start) | 0x5a000000)
                0x00020068        0x4 LONG 0x5a020100 (DEFINED (_int_ovi0)?ABSOLUTE (_int_ovi0):ABSOLUTE (_start) | 0x5a000000)
                0x0002006c        0x4 LONG 0x5a020100 (ABSOLUTE (_start) | 0x5a000000)
                0x00020070        0x4 LONG 0x5a020100 (DEFINED (_int_imia1)?ABSOLUTE (_int_imia1):ABSOLUTE (_start) | 0x5a000000)
                0x00020074        0x4 LONG 0x5a020100 (DEFINED (_int_imib1)?ABSOLUTE (_int_imib1):ABSOLUTE (_start) | 0x5a000000)
                0x00020078        0x4 LONG 0x5a020100 (DEFINED (_int_ovi1)?ABSOLUTE (_int_ovi1):ABSOLUTE (_start) | 0x5a000000)
                0x0002007c        0x4 LONG 0x5a020100 (ABSOLUTE (_start) | 0x5a000000)
                0x00020080        0x4 LONG 0x5a020100 (DEFINED (_int_imia2)?ABSOLUTE (_int_imia2):ABSOLUTE (_start) | 0x5a000000)
                0x00020084        0x4 LONG 0x5a020100 (DEFINED (_int_imib2)?ABSOLUTE (_int_imib2):ABSOLUTE (_start) | 0x5a000000)
                0x00020088        0x4 LONG 0x5a020100 (DEFINED (_int_ovi2)?ABSOLUTE (_int_ovi2):ABSOLUTE (_start) | 0x5a000000)
                0x0002008c        0x4 LONG 0x5a020100 (ABSOLUTE (_start) | 0x5a000000)
                0x00020090        0x4 LONG 0x5a020100 (DEFINED (_int_cmia0)?ABSOLUTE (_int_cmia0):ABSOLUTE (_start) | 0x5a000000)
                0x00020094        0x4 LONG 0x5a020100 (DEFINED (_int_cmib0)?ABSOLUTE (_int_cmib0):ABSOLUTE (_start) | 0x5a000000)
                0x00020098        0x4 LONG 0x5a020100 (DEFINED (_int_cmiab1)?ABSOLUTE (_int_cmiab1):ABSOLUTE (_start) | 0x5a000000)
                0x0002009c        0x4 LONG 0x5a020100 (DEFINED (_int_tovi01)?ABSOLUTE (_int_tovi01):ABSOLUTE (_start) | 0x5a000000)
                0x000200a0        0x4 LONG 0x5a020100 (DEFINED (_int_cmia2)?ABSOLUTE (_int_cmia2):ABSOLUTE (_start) | 0x5a000000)
                0x000200a4        0x4 LONG 0x5a020100 (DEFINED (_int_cmib2)?ABSOLUTE (_int_cmib2):ABSOLUTE (_start) | 0x5a000000)
                0x000200a8        0x4 LONG 0x5a020100 (DEFINED (_int_cmiab3)?ABSOLUTE (_int_cmiab3):ABSOLUTE (_start) | 0x5a000000)
                0x000200ac        0x4 LONG 0x5a020100 (DEFINED (_int_tovi23)?ABSOLUTE (_int_tovi23):ABSOLUTE (_start) | 0x5a000000)
                0x000200b0        0x4 LONG 0x5a020100 (DEFINED (_int_dend0a)?ABSOLUTE (_int_dend0a):ABSOLUTE (_start) | 0x5a000000)
                0x000200b4        0x4 LONG 0x5a020100 (DEFINED (_int_dend0b)?ABSOLUTE (_int_dend0b):ABSOLUTE (_start) | 0x5a000000)
                0x000200b8        0x4 LONG 0x5a020100 (DEFINED (_int_dend1a)?ABSOLUTE (_int_dend1a):ABSOLUTE (_start) | 0x5a000000)
                0x000200bc        0x4 LONG 0x5a020100 (DEFINED (_int_dend1b)?ABSOLUTE (_int_dend1b):ABSOLUTE (_start) | 0x5a000000)
                0x000200c0        0x4 LONG 0x5a020100 (ABSOLUTE (_start) | 0x5a000000)
                0x000200c4        0x4 LONG 0x5a020100 (ABSOLUTE (_start) | 0x5a000000)
                0x000200c8        0x4 LONG 0x5a020100 (ABSOLUTE (_start) | 0x5a000000)
                0x000200cc        0x4 LONG 0x5a020100 (ABSOLUTE (_start) | 0x5a000000)
                0x000200d0        0x4 LONG 0x5a020100 (DEFINED (_int_eri0)?ABSOLUTE (_int_eri0):ABSOLUTE (_start) | 0x5a000000)
                0x000200d4        0x4 LONG 0x5a020100 (DEFINED (_int_rxi0)?ABSOLUTE (_int_rxi0):ABSOLUTE (_start) | 0x5a000000)
                0x000200d8        0x4 LONG 0x5a020100 (DEFINED (_int_txi0)?ABSOLUTE (_int_txi0):ABSOLUTE (_start) | 0x5a000000)
                0x000200dc        0x4 LONG 0x5a020100 (DEFINED (_int_tei0)?ABSOLUTE (_int_tei0):ABSOLUTE (_start) | 0x5a000000)
                0x000200e0        0x4 LONG 0x5a020100 (DEFINED (_int_eri1)?ABSOLUTE (_int_eri1):ABSOLUTE (_start) | 0x5a000000)
                0x000200e4        0x4 LONG 0x5a020100 (DEFINED (_int_rxi1)?ABSOLUTE (_int_rxi1):ABSOLUTE (_start) | 0x5a000000)
                0x000200e8        0x4 LONG 0x5a020100 (DEFINED (_int_txi1)?ABSOLUTE (_int_txi1):ABSOLUTE (_start) | 0x5a000000)
                0x000200ec        0x4 LONG 0x5a020100 (DEFINED (_int_tei1)?ABSOLUTE (_int_tei1):ABSOLUTE (_start) | 0x5a000000)
                0x000200f0        0x4 LONG 0x5a020100 (DEFINED (_int_eri2)?ABSOLUTE (_int_eri2):ABSOLUTE (_start) | 0x5a000000)
                0x000200f4        0x4 LONG 0x5a020100 (DEFINED (_int_rxi2)?ABSOLUTE (_int_rxi2):ABSOLUTE (_start) | 0x5a000000)
                0x000200f8        0x4 LONG 0x5a020100 (DEFINED (_int_txi2)?ABSOLUTE (_int_txi2):ABSOLUTE (_start) | 0x5a000000)
                0x000200fc        0x4 LONG 0x5a020100 (DEFINED (_int_tei2)?ABSOLUTE (_int_tei2):ABSOLUTE (_start) | 0x5a000000)

.text           0x00020100      0x12c
 CREATE_OBJECT_SYMBOLS
 *(.text)
 .text          0x00020100       0x44 C:\Users\r03e28\AppData\Local\Temp\ccDxjvQX.o
                0x00020100                _start
                0x00020140                _exit
 .text          0x00020144       0xe8 C:\Users\r03e28\AppData\Local\Temp\ccUmsV1P.o
                0x00020144                _main
                0x0002022c                etext = .

.init
 *(.init)

.fini
 *(.fini)

.got
 *(.got)
 *(.got.plt)

.rodata         0x0002022c        0x0
 *(.rodata)
 *(.rodata.*)
                0x0002022c                _erodata = .

.eh_frame_hdr
 *(.eh_frame_hdr)

.eh_frame
 *(.eh_frame)

.jcr
 *(.jcr)

.tors           0x0002022c       0x10
                0x0002022c                __CTOR_LIST__ = .
                0x0002022c        0x4 LONG 0x0 (((__CTOR_END__ - __CTOR_LIST__) / 0x4) - 0x2)
                0x00020230                ___ctors = .
 *(.ctors)
                0x00020230                ___ctors_end = .
                0x00020230        0x4 LONG 0x0
                0x00020234                __CTOR_END__ = .
                0x00020234                __DTOR_LIST__ = .
                0x00020234        0x4 LONG 0x0 (((__DTOR_END__ - __DTOR_LIST__) / 0x4) - 0x2)
                0x00020238                ___dtors = .
 *(.dtors)
                0x00020238                ___dtors_end = .
                0x00020238        0x4 LONG 0x0
                0x0002023c                __DTOR_END__ = .
                0x0002023c                _mdata = .

.data           0x0002023c        0x0
                0x0002023c                _data = .
 *(.data)
 .data          0x0002023c        0x0 C:\Users\r03e28\AppData\Local\Temp\ccDxjvQX.o
 .data          0x0002023c        0x0 C:\Users\r03e28\AppData\Local\Temp\ccUmsV1P.o
 *(.data.*)
                0x0002023c                _edata = .

.gcc_exc
 *(.gcc_exc)

.bss            0x0002023c        0x0
                0x0002023c                _bss = .
 *(.bss)
 .bss           0x0002023c        0x0 C:\Users\r03e28\AppData\Local\Temp\ccDxjvQX.o
 .bss           0x0002023c        0x0 C:\Users\r03e28\AppData\Local\Temp\ccUmsV1P.o
 *(COMMON)
                0x0002023c                _ebss = .
                0x0002023c                _end = .

.stack          0x00ffff0c        0x0
                0x00ffff0c                _stack = .
 *(.stack)

.eight
 *(.eight)

.stab
 *(.stab)

.stabstr
 *(.stabstr)

/DISCARD/
 *(.comment)
OUTPUT(test.exe elf32-h8300)
